------------------------------------------------------------
Timing Analyzer Summary
------------------------------------------------------------

Type  : Slow 1100mV 85C Model Setup 'lab1_system:u0|lab1_system_ARM_A9_HPS:arm_a9_hps|lab1_system_ARM_A9_HPS_hps_io:hps_io|lab1_system_ARM_A9_HPS_hps_io_border:border|hps_sdram:hps_sdram_inst|hps_sdram_pll:pll|afi_clk_write_clk'
Slack : 1.730
TNS   : 0.000

Type  : Slow 1100mV 85C Model Setup 'altera_reserved_tck'
Slack : 12.340
TNS   : 0.000

Type  : Slow 1100mV 85C Model Hold 'lab1_system:u0|lab1_system_ARM_A9_HPS:arm_a9_hps|lab1_system_ARM_A9_HPS_hps_io:hps_io|lab1_system_ARM_A9_HPS_hps_io_border:border|hps_sdram:hps_sdram_inst|hps_sdram_pll:pll|afi_clk_write_clk'
Slack : 0.143
TNS   : 0.000

Type  : Slow 1100mV 85C Model Hold 'altera_reserved_tck'
Slack : 0.265
TNS   : 0.000

Type  : Slow 1100mV 85C Model Recovery 'lab1_system:u0|lab1_system_ARM_A9_HPS:arm_a9_hps|lab1_system_ARM_A9_HPS_hps_io:hps_io|lab1_system_ARM_A9_HPS_hps_io_border:border|hps_sdram:hps_sdram_inst|hps_sdram_pll:pll|afi_clk_write_clk'
Slack : 3.375
TNS   : 0.000

Type  : Slow 1100mV 85C Model Recovery 'altera_reserved_tck'
Slack : 14.919
TNS   : 0.000

Type  : Slow 1100mV 85C Model Removal 'lab1_system:u0|lab1_system_ARM_A9_HPS:arm_a9_hps|lab1_system_ARM_A9_HPS_hps_io:hps_io|lab1_system_ARM_A9_HPS_hps_io_border:border|hps_sdram:hps_sdram_inst|hps_sdram_pll:pll|afi_clk_write_clk'
Slack : 0.470
TNS   : 0.000

Type  : Slow 1100mV 85C Model Removal 'altera_reserved_tck'
Slack : 1.079
TNS   : 0.000

Type  : Slow 1100mV 85C Model Minimum Pulse Width 'lab1_system:u0|lab1_system_ARM_A9_HPS:arm_a9_hps|lab1_system_ARM_A9_HPS_hps_io:hps_io|lab1_system_ARM_A9_HPS_hps_io_border:border|hps_sdram:hps_sdram_inst|hps_sdram_pll:pll|pll_write_clk_dq_write_clk'
Slack : 0.608
TNS   : 0.000

Type  : Slow 1100mV 85C Model Minimum Pulse Width 'lab1_system:u0|lab1_system_ARM_A9_HPS:arm_a9_hps|lab1_system_ARM_A9_HPS_hps_io:hps_io|lab1_system_ARM_A9_HPS_hps_io_border:border|hps_sdram:hps_sdram_inst|hps_sdram_pll:pll|afi_clk_write_clk'
Slack : 0.623
TNS   : 0.000

Type  : Slow 1100mV 85C Model Minimum Pulse Width 'altera_reserved_tck'
Slack : 15.836
TNS   : 0.000

Type  : Slow 1100mV 0C Model Setup 'lab1_system:u0|lab1_system_ARM_A9_HPS:arm_a9_hps|lab1_system_ARM_A9_HPS_hps_io:hps_io|lab1_system_ARM_A9_HPS_hps_io_border:border|hps_sdram:hps_sdram_inst|hps_sdram_pll:pll|afi_clk_write_clk'
Slack : 1.727
TNS   : 0.000

Type  : Slow 1100mV 0C Model Setup 'altera_reserved_tck'
Slack : 12.383
TNS   : 0.000

Type  : Slow 1100mV 0C Model Hold 'lab1_system:u0|lab1_system_ARM_A9_HPS:arm_a9_hps|lab1_system_ARM_A9_HPS_hps_io:hps_io|lab1_system_ARM_A9_HPS_hps_io_border:border|hps_sdram:hps_sdram_inst|hps_sdram_pll:pll|afi_clk_write_clk'
Slack : 0.162
TNS   : 0.000

Type  : Slow 1100mV 0C Model Hold 'altera_reserved_tck'
Slack : 0.274
TNS   : 0.000

Type  : Slow 1100mV 0C Model Recovery 'lab1_system:u0|lab1_system_ARM_A9_HPS:arm_a9_hps|lab1_system_ARM_A9_HPS_hps_io:hps_io|lab1_system_ARM_A9_HPS_hps_io_border:border|hps_sdram:hps_sdram_inst|hps_sdram_pll:pll|afi_clk_write_clk'
Slack : 3.468
TNS   : 0.000

Type  : Slow 1100mV 0C Model Recovery 'altera_reserved_tck'
Slack : 15.028
TNS   : 0.000

Type  : Slow 1100mV 0C Model Removal 'lab1_system:u0|lab1_system_ARM_A9_HPS:arm_a9_hps|lab1_system_ARM_A9_HPS_hps_io:hps_io|lab1_system_ARM_A9_HPS_hps_io_border:border|hps_sdram:hps_sdram_inst|hps_sdram_pll:pll|afi_clk_write_clk'
Slack : 0.460
TNS   : 0.000

Type  : Slow 1100mV 0C Model Removal 'altera_reserved_tck'
Slack : 1.014
TNS   : 0.000

Type  : Slow 1100mV 0C Model Minimum Pulse Width 'lab1_system:u0|lab1_system_ARM_A9_HPS:arm_a9_hps|lab1_system_ARM_A9_HPS_hps_io:hps_io|lab1_system_ARM_A9_HPS_hps_io_border:border|hps_sdram:hps_sdram_inst|hps_sdram_pll:pll|pll_write_clk_dq_write_clk'
Slack : 0.613
TNS   : 0.000

Type  : Slow 1100mV 0C Model Minimum Pulse Width 'lab1_system:u0|lab1_system_ARM_A9_HPS:arm_a9_hps|lab1_system_ARM_A9_HPS_hps_io:hps_io|lab1_system_ARM_A9_HPS_hps_io_border:border|hps_sdram:hps_sdram_inst|hps_sdram_pll:pll|afi_clk_write_clk'
Slack : 0.630
TNS   : 0.000

Type  : Slow 1100mV 0C Model Minimum Pulse Width 'altera_reserved_tck'
Slack : 15.841
TNS   : 0.000

Type  : Fast 1100mV 85C Model Setup 'lab1_system:u0|lab1_system_ARM_A9_HPS:arm_a9_hps|lab1_system_ARM_A9_HPS_hps_io:hps_io|lab1_system_ARM_A9_HPS_hps_io_border:border|hps_sdram:hps_sdram_inst|hps_sdram_pll:pll|afi_clk_write_clk'
Slack : 2.110
TNS   : 0.000

Type  : Fast 1100mV 85C Model Setup 'altera_reserved_tck'
Slack : 14.292
TNS   : 0.000

Type  : Fast 1100mV 85C Model Hold 'lab1_system:u0|lab1_system_ARM_A9_HPS:arm_a9_hps|lab1_system_ARM_A9_HPS_hps_io:hps_io|lab1_system_ARM_A9_HPS_hps_io_border:border|hps_sdram:hps_sdram_inst|hps_sdram_pll:pll|afi_clk_write_clk'
Slack : 0.084
TNS   : 0.000

Type  : Fast 1100mV 85C Model Hold 'altera_reserved_tck'
Slack : 0.157
TNS   : 0.000

Type  : Fast 1100mV 85C Model Recovery 'lab1_system:u0|lab1_system_ARM_A9_HPS:arm_a9_hps|lab1_system_ARM_A9_HPS_hps_io:hps_io|lab1_system_ARM_A9_HPS_hps_io_border:border|hps_sdram:hps_sdram_inst|hps_sdram_pll:pll|afi_clk_write_clk'
Slack : 3.727
TNS   : 0.000

Type  : Fast 1100mV 85C Model Recovery 'altera_reserved_tck'
Slack : 15.874
TNS   : 0.000

Type  : Fast 1100mV 85C Model Removal 'lab1_system:u0|lab1_system_ARM_A9_HPS:arm_a9_hps|lab1_system_ARM_A9_HPS_hps_io:hps_io|lab1_system_ARM_A9_HPS_hps_io_border:border|hps_sdram:hps_sdram_inst|hps_sdram_pll:pll|afi_clk_write_clk'
Slack : 0.497
TNS   : 0.000

Type  : Fast 1100mV 85C Model Removal 'altera_reserved_tck'
Slack : 0.538
TNS   : 0.000

Type  : Fast 1100mV 85C Model Minimum Pulse Width 'lab1_system:u0|lab1_system_ARM_A9_HPS:arm_a9_hps|lab1_system_ARM_A9_HPS_hps_io:hps_io|lab1_system_ARM_A9_HPS_hps_io_border:border|hps_sdram:hps_sdram_inst|hps_sdram_pll:pll|pll_write_clk_dq_write_clk'
Slack : 0.883
TNS   : 0.000

Type  : Fast 1100mV 85C Model Minimum Pulse Width 'lab1_system:u0|lab1_system_ARM_A9_HPS:arm_a9_hps|lab1_system_ARM_A9_HPS_hps_io:hps_io|lab1_system_ARM_A9_HPS_hps_io_border:border|hps_sdram:hps_sdram_inst|hps_sdram_pll:pll|afi_clk_write_clk'
Slack : 0.891
TNS   : 0.000

Type  : Fast 1100mV 85C Model Minimum Pulse Width 'altera_reserved_tck'
Slack : 15.816
TNS   : 0.000

Type  : Fast 1100mV 0C Model Setup 'lab1_system:u0|lab1_system_ARM_A9_HPS:arm_a9_hps|lab1_system_ARM_A9_HPS_hps_io:hps_io|lab1_system_ARM_A9_HPS_hps_io_border:border|hps_sdram:hps_sdram_inst|hps_sdram_pll:pll|afi_clk_write_clk'
Slack : 2.110
TNS   : 0.000

Type  : Fast 1100mV 0C Model Setup 'altera_reserved_tck'
Slack : 14.531
TNS   : 0.000

Type  : Fast 1100mV 0C Model Hold 'lab1_system:u0|lab1_system_ARM_A9_HPS:arm_a9_hps|lab1_system_ARM_A9_HPS_hps_io:hps_io|lab1_system_ARM_A9_HPS_hps_io_border:border|hps_sdram:hps_sdram_inst|hps_sdram_pll:pll|afi_clk_write_clk'
Slack : 0.077
TNS   : 0.000

Type  : Fast 1100mV 0C Model Hold 'altera_reserved_tck'
Slack : 0.141
TNS   : 0.000

Type  : Fast 1100mV 0C Model Recovery 'lab1_system:u0|lab1_system_ARM_A9_HPS:arm_a9_hps|lab1_system_ARM_A9_HPS_hps_io:hps_io|lab1_system_ARM_A9_HPS_hps_io_border:border|hps_sdram:hps_sdram_inst|hps_sdram_pll:pll|afi_clk_write_clk'
Slack : 3.825
TNS   : 0.000

Type  : Fast 1100mV 0C Model Recovery 'altera_reserved_tck'
Slack : 15.976
TNS   : 0.000

Type  : Fast 1100mV 0C Model Removal 'lab1_system:u0|lab1_system_ARM_A9_HPS:arm_a9_hps|lab1_system_ARM_A9_HPS_hps_io:hps_io|lab1_system_ARM_A9_HPS_hps_io_border:border|hps_sdram:hps_sdram_inst|hps_sdram_pll:pll|afi_clk_write_clk'
Slack : 0.473
TNS   : 0.000

Type  : Fast 1100mV 0C Model Removal 'altera_reserved_tck'
Slack : 0.475
TNS   : 0.000

Type  : Fast 1100mV 0C Model Minimum Pulse Width 'lab1_system:u0|lab1_system_ARM_A9_HPS:arm_a9_hps|lab1_system_ARM_A9_HPS_hps_io:hps_io|lab1_system_ARM_A9_HPS_hps_io_border:border|hps_sdram:hps_sdram_inst|hps_sdram_pll:pll|pll_write_clk_dq_write_clk'
Slack : 0.887
TNS   : 0.000

Type  : Fast 1100mV 0C Model Minimum Pulse Width 'lab1_system:u0|lab1_system_ARM_A9_HPS:arm_a9_hps|lab1_system_ARM_A9_HPS_hps_io:hps_io|lab1_system_ARM_A9_HPS_hps_io_border:border|hps_sdram:hps_sdram_inst|hps_sdram_pll:pll|afi_clk_write_clk'
Slack : 0.894
TNS   : 0.000

Type  : Fast 1100mV 0C Model Minimum Pulse Width 'altera_reserved_tck'
Slack : 15.825
TNS   : 0.000

------------------------------------------------------------
Info: see the "DDR report" for DDR timing results
------------------------------------------------------------
------------------------------------------------------------
