-- Catapult Ultra Synthesis: Report                                              
-- ------------------------- ---------------------------------------------------
-- Version:                  2021.1/950854 Production Release                    
-- Build Date:               Mon Aug  2 21:36:02 PDT 2021                        
                                                                                 
-- Generated by:             andreu.roca.montserrat@c5c4                         
-- Generated date:           Thu Nov 21 17:33:16 CET 2024                        

Solution Settings: mult_add_pipeline.v1
  Current state: extract
  Project: Catapult
  
  Design Input Files Specified
    $PROJECT_HOME/src/mult_add_pipeline.cpp
      $PROJECT_HOME/src/mult_add_pipeline.h
        $MGC_HOME/shared/include/ac_fixed.h
          $MGC_HOME/shared/include/ac_int.h
        $MGC_HOME/shared/include/ac_channel.h
      $MGC_HOME/shared/include/mc_scverify.h
    $PROJECT_HOME/src/mult_add_pipeline_ref.cpp
    $PROJECT_HOME/src/tb.cpp
  
  Processes/Blocks in Design
    Process                 Real Operation(s) count Latency Throughput Reset Length II Comments 
    ----------------------- ----------------------- ------- ---------- ------------ -- --------
    /mult_add_pipeline/core                      12       4          1            1  0          
    Design Total:                                12       4          1            1  1          
    
  Bill Of Materials (Datapath)
    Component Name                 Area Score Area(Combinational) AreaSeq Delay Post Alloc Post Assign 
    ------------------------------ ---------- ------------------- ------- ----- ---------- -----------
    [Lib: ccs_ioport]                                                                                  
    ccs_in(4,10)                        0.000               0.000   0.000 0.000          1           1 
    ccs_in(5,1)                         0.000               0.000   0.000 0.000          1           1 
    ccs_in_wait(1,11)                   0.000               0.000   0.000 0.000          1           1 
    ccs_in_wait(2,14)                   0.000               0.000   0.000 0.000          1           1 
    ccs_in_wait(3,25)                   0.000               0.000   0.000 0.000          1           1 
    ccs_out_wait(6,30)                  0.000               0.000   0.000 0.000          1           1 
    [Lib: mgc_ioport]                                                                                  
    mgc_io_sync(0)                      0.000               0.000   0.000 0.000          2           2 
    [Lib: nangate-45nm_beh]                                                                            
    mgc_add(25,0,25,0,26,4)           183.266             158.849   0.000 0.562          1           0 
    mgc_add(25,0,25,0,26,6)           163.723             130.890   0.000 0.871          0           1 
    mgc_and(1,2,4)                      1.064               0.000   0.000 0.070          0          18 
    mgc_and(1,3,4)                      1.330               0.334   0.000 0.078          0           1 
    mgc_and(1,4,4)                      1.596               0.979   0.000 0.087          0           1 
    mgc_mul(10,1,26,0,34,2)          2201.438            1753.853   0.000 0.701          0           1 
    mgc_mul(10,1,26,0,34,3)          1617.524            1684.189   0.000 0.872          1           0 
    mgc_mul(11,0,14,0,25,3)          1004.061            1046.496   0.000 0.748          1           0 
    mgc_mul(11,0,14,0,25,4)           947.085             990.002   0.000 0.865          0           1 
    mgc_mux(11,1,2,1)                  43.425              68.124   0.000 0.127          0           1 
    mgc_mux(14,1,2,1)                  52.934              76.614   0.000 0.131          0           1 
    mgc_mux(25,1,2,5)                  46.550              44.772   0.000 0.157          0           1 
    mgc_mux(26,1,2,5)                  48.412              47.295   0.000 0.158          1           1 
    mgc_nor(1,2,2)                      0.798               0.000   0.000 0.109          0           8 
    mgc_not(1,1)                        0.532               0.532   0.000 0.039          0          11 
    mgc_or(1,3,2)                       2.261               5.820   0.000 0.089          0           4 
    mgc_reg_pos(1,0,0,1,1,0,0,1)        6.384               1.862   4.522 0.106          0           5 
    mgc_reg_pos(1,0,0,1,1,1,1,1)        6.384               1.862   4.522 0.106          0           7 
    mgc_reg_pos(10,0,0,1,1,1,1,1)      63.840              18.620  45.220 0.106          0           2 
    mgc_reg_pos(11,0,0,1,1,1,1,1)      70.224              20.482  49.742 0.106          0           1 
    mgc_reg_pos(14,0,0,1,1,1,1,1)      89.376              26.068  63.308 0.106          0           1 
    mgc_reg_pos(25,0,0,1,1,1,1,1)     159.600              46.550 113.050 0.106          0           3 
    mgc_reg_pos(26,0,0,1,1,1,1,1)     165.984              48.412 117.572 0.106          0           3 
                                                                                                       
    TOTAL AREA (After Assignment):   4887.564            3533.000 950.000                              
    
  Area Scores
                      Post-Scheduling   Post-DP & FSM Post-Assignment 
    ----------------- --------------- --------------- ---------------
    Total Area Score:   3817.2          4414.5          4898.6        
    Total Reg:           964.0  (25%)   1350.6  (31%)   1350.6  (28%) 
                                                                      
    DataPath:           3817.2 (100%)   4403.5 (100%)   4887.6 (100%) 
      MUX:                48.4   (1%)    218.1   (5%)    191.3   (4%) 
      FUNC:             2804.9  (73%)   2804.9  (64%)   3312.2  (68%) 
      LOGIC:               0.0            39.9   (1%)     43.4   (1%) 
      BUFFER:              0.0             0.0             0.0        
      MEM:                 0.0             0.0             0.0        
      ROM:                 0.0             0.0             0.0        
      REG:               964.0  (25%)   1340.6  (30%)   1340.6  (27%) 
                                                                      
    
    FSM:                   0.0            11.0   (0%)     11.0   (0%) 
      FSM-REG:             0.0            10.0  (91%)     10.0  (91%) 
      FSM-COMB:            0.0             1.0   (9%)      1.0   (9%) 
                                                                      
    
  Register-to-Variable Mappings
    Register                                  Size(bits) Gated Register CG Opt Done Variables                                             
    ----------------------------------------- ---------- -------------- ----------- -----------------------------------------------------
    result:rsci.idat(29:4)                            26         Y           Y      result:rsci.idat(29:4)                                
    sum.sva#1.1                                       26         Y           Y      sum.sva#1.1                                           
                                                                                    sum.sva.2                                             
    sum.sva.1                                         26         Y           Y      sum.sva.1                                             
    c:rsci.idat.bfwt                                  25         Y           Y      c:rsci.idat.bfwt                                      
    product:mul.itm.1                                 25         Y                  product:mul.itm.1                                     
    sum:c.tmp.sva.1                                   25         Y                  sum:c.tmp.sva.1                                       
    b:rsci.idat.bfwt                                  14         Y           Y      b:rsci.idat.bfwt                                      
    a:rsci.idat.bfwt                                  11         Y           Y      a:rsci.idat.bfwt                                      
    gain.sva.1                                        10         Y           Y      gain.sva.1                                            
    gain.sva.2                                        10         Y           Y      gain.sva.2                                            
    CHECK:io_read(gain_adjust:rsc.@).svs.st.1          1         Y                  CHECK:io_read(gain_adjust:rsc.@).svs.st.1             
    CHECK:io_read(gain_adjust:rsc.@).svs.st.2          1         Y           Y      CHECK:io_read(gain_adjust:rsc.@).svs.st.2             
    a:rsci.bcwt                                        1                            a:rsci.bcwt                                           
    b:rsci.bcwt                                        1                            b:rsci.bcwt                                           
    c:rsci.bcwt                                        1                            c:rsci.bcwt                                           
    core.wten                                          1                            core.wten                                             
    main.stage_0.3                                     1         Y                  main.stage_0.3                                        
    main.stage_0.4                                     1         Y                  main.stage_0.4                                        
    reg(c:rsci.iswt0).cse                              1         Y                  reg(c:rsci.iswt0).cse                                 
    reg(gain_adjust:rsc.triosy:obj.iswt0).cse          1         Y                  reg(gain_adjust:rsc.triosy:obj.iswt0).cse             
    reg(result:rsci.iswt0).cse                         1         Y                  reg(result:rsci.iswt0).cse                            
    result:rsci.bcwt                                   1                            result:rsci.bcwt                                      
                                                                                                                                          
    Total:                                           210            205         149 (Total Gating Ratio: 0.98, CG Opt Gating Ratio: 0.71) 
    
  Timing Report
    Critical Path
      Max Delay:  1.102301
      Slack:      0.007699000000000122
      
      Path                                                                                                                                  Startpoint                                                    Endpoint                                      Delay  Slack  
      ------------------------------------------------------------------------------------------------------------------------------------- ------------------------------------------------------------- --------------------------------------------- ------ ------
      1                                                                                                                                     mult_add_pipeline:core:b:rsci:b:wait_dp/reg(b:rsci.idat.bfwt) mult_add_pipeline:core/reg(product:mul.itm.1) 1.1023 0.0077 
                                                                                                                                                                                                                                                                      
        Instance                                                                                                                            Component                                                                                                   Delta  Delay  
        --------                                                                                                                            ---------                                                                                                   -----  -----  
        mult_add_pipeline:core:b:rsci:b:wait_dp/reg(b:rsci.idat.bfwt)                                                                       mgc_reg_pos_14_0_0_1_1_1_1_1                                                                                0.1060 0.1060 
        mult_add_pipeline:core:b:rsci:b:wait_dp/b:rsci.idat.bfwt                                                                                                                                                                                        0.0000 0.1060 
        mult_add_pipeline:core:b:rsci:b:wait_dp/product:mux#5                                                                               mgc_mux_14_1_2_1                                                                                            0.1310 0.2370 
        mult_add_pipeline:core:b:rsci:b:wait_dp/b:rsci.idat.mxwt                                                                                                                                                                                        0.0000 0.2370 
        mult_add_pipeline:core:b:rsci/b:rsci.idat.mxwt                                                                                                                                                                                                  0.0000 0.2370 
        mult_add_pipeline:core/b:rsci.idat.mxwt                                                                                                                                                                                                         0.0000 0.2370 
        mult_add_pipeline:core/product:mul                                                                                                  mgc_mul_11_0_14_0_25_4                                                                                      0.8653 1.1023 
        mult_add_pipeline:core/product:mul.itm                                                                                                                                                                                                          0.0000 1.1023 
        mult_add_pipeline:core/reg(product:mul.itm.1)                                                                                       mgc_reg_pos_25_0_0_1_1_1_1_1                                                                                0.0000 1.1023 
                                                                                                                                                                                                                                                                      
      2                                                                                                                                     mult_add_pipeline:core:b:rsci:b:wait_dp/reg(b:rsci.bcwt)      mult_add_pipeline:core/reg(product:mul.itm.1) 1.1023 0.0077 
                                                                                                                                                                                                                                                                      
        Instance                                                                                                                            Component                                                                                                   Delta  Delay  
        --------                                                                                                                            ---------                                                                                                   -----  -----  
        mult_add_pipeline:core:b:rsci:b:wait_dp/reg(b:rsci.bcwt)                                                                            mgc_reg_pos_1_0_0_1_1_0_0_1                                                                                 0.1060 0.1060 
        mult_add_pipeline:core:b:rsci:b:wait_dp/b:rsci.bcwt                                                                                                                                                                                             0.0000 0.1060 
        mult_add_pipeline:core:b:rsci:b:wait_dp/product:mux#5                                                                               mgc_mux_14_1_2_1                                                                                            0.1310 0.2370 
        mult_add_pipeline:core:b:rsci:b:wait_dp/b:rsci.idat.mxwt                                                                                                                                                                                        0.0000 0.2370 
        mult_add_pipeline:core:b:rsci/b:rsci.idat.mxwt                                                                                                                                                                                                  0.0000 0.2370 
        mult_add_pipeline:core/b:rsci.idat.mxwt                                                                                                                                                                                                         0.0000 0.2370 
        mult_add_pipeline:core/product:mul                                                                                                  mgc_mul_11_0_14_0_25_4                                                                                      0.8653 1.1023 
        mult_add_pipeline:core/product:mul.itm                                                                                                                                                                                                          0.0000 1.1023 
        mult_add_pipeline:core/reg(product:mul.itm.1)                                                                                       mgc_reg_pos_25_0_0_1_1_1_1_1                                                                                0.0000 1.1023 
                                                                                                                                                                                                                                                                      
      3                                                                                                                                     mult_add_pipeline:core:a:rsci:a:wait_dp/reg(a:rsci.idat.bfwt) mult_add_pipeline:core/reg(product:mul.itm.1) 1.0979 0.0121 
                                                                                                                                                                                                                                                                      
        Instance                                                                                                                            Component                                                                                                   Delta  Delay  
        --------                                                                                                                            ---------                                                                                                   -----  -----  
        mult_add_pipeline:core:a:rsci:a:wait_dp/reg(a:rsci.idat.bfwt)                                                                       mgc_reg_pos_11_0_0_1_1_1_1_1                                                                                0.1060 0.1060 
        mult_add_pipeline:core:a:rsci:a:wait_dp/a:rsci.idat.bfwt                                                                                                                                                                                        0.0000 0.1060 
        mult_add_pipeline:core:a:rsci:a:wait_dp/product:mux#2                                                                               mgc_mux_11_1_2_1                                                                                            0.1265 0.2325 
        mult_add_pipeline:core:a:rsci:a:wait_dp/a:rsci.idat.mxwt                                                                                                                                                                                        0.0000 0.2325 
        mult_add_pipeline:core:a:rsci/a:rsci.idat.mxwt                                                                                                                                                                                                  0.0000 0.2325 
        mult_add_pipeline:core/a:rsci.idat.mxwt                                                                                                                                                                                                         0.0000 0.2325 
        mult_add_pipeline:core/product:mul                                                                                                  mgc_mul_11_0_14_0_25_4                                                                                      0.8653 1.0979 
        mult_add_pipeline:core/product:mul.itm                                                                                                                                                                                                          0.0000 1.0979 
        mult_add_pipeline:core/reg(product:mul.itm.1)                                                                                       mgc_reg_pos_25_0_0_1_1_1_1_1                                                                                0.0000 1.0979 
                                                                                                                                                                                                                                                                      
      4                                                                                                                                     mult_add_pipeline:core:a:rsci:a:wait_dp/reg(a:rsci.bcwt)      mult_add_pipeline:core/reg(product:mul.itm.1) 1.0979 0.0121 
                                                                                                                                                                                                                                                                      
        Instance                                                                                                                            Component                                                                                                   Delta  Delay  
        --------                                                                                                                            ---------                                                                                                   -----  -----  
        mult_add_pipeline:core:a:rsci:a:wait_dp/reg(a:rsci.bcwt)                                                                            mgc_reg_pos_1_0_0_1_1_0_0_1                                                                                 0.1060 0.1060 
        mult_add_pipeline:core:a:rsci:a:wait_dp/a:rsci.bcwt                                                                                                                                                                                             0.0000 0.1060 
        mult_add_pipeline:core:a:rsci:a:wait_dp/product:mux#2                                                                               mgc_mux_11_1_2_1                                                                                            0.1265 0.2325 
        mult_add_pipeline:core:a:rsci:a:wait_dp/a:rsci.idat.mxwt                                                                                                                                                                                        0.0000 0.2325 
        mult_add_pipeline:core:a:rsci/a:rsci.idat.mxwt                                                                                                                                                                                                  0.0000 0.2325 
        mult_add_pipeline:core/a:rsci.idat.mxwt                                                                                                                                                                                                         0.0000 0.2325 
        mult_add_pipeline:core/product:mul                                                                                                  mgc_mul_11_0_14_0_25_4                                                                                      0.8653 1.0979 
        mult_add_pipeline:core/product:mul.itm                                                                                                                                                                                                          0.0000 1.0979 
        mult_add_pipeline:core/reg(product:mul.itm.1)                                                                                       mgc_reg_pos_25_0_0_1_1_1_1_1                                                                                0.0000 1.0979 
                                                                                                                                                                                                                                                                      
      5                                                                                                                                     mult_add_pipeline:core:b:rsci:b:wait_dp/b:rsci.idat           mult_add_pipeline:core/reg(product:mul.itm.1) 0.9963 0.1137 
                                                                                                                                                                                                                                                                      
        Instance                                                                                                                            Component                                                                                                   Delta  Delay  
        --------                                                                                                                            ---------                                                                                                   -----  -----  
        mult_add_pipeline:core:b:rsci:b:wait_dp/b:rsci.idat                                                                                                                                                                                             0.0000 0.0000 
        mult_add_pipeline:core:b:rsci:b:wait_dp/product:mux#5                                                                               mgc_mux_14_1_2_1                                                                                            0.1310 0.1310 
        mult_add_pipeline:core:b:rsci:b:wait_dp/b:rsci.idat.mxwt                                                                                                                                                                                        0.0000 0.1310 
        mult_add_pipeline:core:b:rsci/b:rsci.idat.mxwt                                                                                                                                                                                                  0.0000 0.1310 
        mult_add_pipeline:core/b:rsci.idat.mxwt                                                                                                                                                                                                         0.0000 0.1310 
        mult_add_pipeline:core/product:mul                                                                                                  mgc_mul_11_0_14_0_25_4                                                                                      0.8653 0.9963 
        mult_add_pipeline:core/product:mul.itm                                                                                                                                                                                                          0.0000 0.9963 
        mult_add_pipeline:core/reg(product:mul.itm.1)                                                                                       mgc_reg_pos_25_0_0_1_1_1_1_1                                                                                0.0000 0.9963 
                                                                                                                                                                                                                                                                      
      6                                                                                                                                     mult_add_pipeline:core:a:rsci:a:wait_dp/a:rsci.idat           mult_add_pipeline:core/reg(product:mul.itm.1) 0.9919 0.1181 
                                                                                                                                                                                                                                                                      
        Instance                                                                                                                            Component                                                                                                   Delta  Delay  
        --------                                                                                                                            ---------                                                                                                   -----  -----  
        mult_add_pipeline:core:a:rsci:a:wait_dp/a:rsci.idat                                                                                                                                                                                             0.0000 0.0000 
        mult_add_pipeline:core:a:rsci:a:wait_dp/product:mux#2                                                                               mgc_mux_11_1_2_1                                                                                            0.1265 0.1265 
        mult_add_pipeline:core:a:rsci:a:wait_dp/a:rsci.idat.mxwt                                                                                                                                                                                        0.0000 0.1265 
        mult_add_pipeline:core:a:rsci/a:rsci.idat.mxwt                                                                                                                                                                                                  0.0000 0.1265 
        mult_add_pipeline:core/a:rsci.idat.mxwt                                                                                                                                                                                                         0.0000 0.1265 
        mult_add_pipeline:core/product:mul                                                                                                  mgc_mul_11_0_14_0_25_4                                                                                      0.8653 0.9919 
        mult_add_pipeline:core/product:mul.itm                                                                                                                                                                                                          0.0000 0.9919 
        mult_add_pipeline:core/reg(product:mul.itm.1)                                                                                       mgc_reg_pos_25_0_0_1_1_1_1_1                                                                                0.0000 0.9919 
                                                                                                                                                                                                                                                                      
      7                                                                                                                                     mult_add_pipeline:core/reg(product:mul.itm.1)                 mult_add_pipeline:core/reg(sum.sva.1)         0.9775 0.1325 
                                                                                                                                                                                                                                                                      
        Instance                                                                                                                            Component                                                                                                   Delta  Delay  
        --------                                                                                                                            ---------                                                                                                   -----  -----  
        mult_add_pipeline:core/reg(product:mul.itm.1)                                                                                       mgc_reg_pos_25_0_0_1_1_1_1_1                                                                                0.1060 0.1060 
        mult_add_pipeline:core/product:mul.itm.1                                                                                                                                                                                                        0.0000 0.1060 
        mult_add_pipeline:core/sum:acc                                                                                                      mgc_addc_25_0_25_0_26_6                                                                                     0.8715 0.9775 
        mult_add_pipeline:core/sum:acc.itm                                                                                                                                                                                                              0.0000 0.9775 
        mult_add_pipeline:core/reg(sum.sva.1)                                                                                               mgc_reg_pos_26_0_0_1_1_1_1_1                                                                                0.0000 0.9775 
                                                                                                                                                                                                                                                                      
      8                                                                                                                                     mult_add_pipeline:core/reg(sum:c.tmp.sva.1)                   mult_add_pipeline:core/reg(sum.sva.1)         0.9775 0.1325 
                                                                                                                                                                                                                                                                      
        Instance                                                                                                                            Component                                                                                                   Delta  Delay  
        --------                                                                                                                            ---------                                                                                                   -----  -----  
        mult_add_pipeline:core/reg(sum:c.tmp.sva.1)                                                                                         mgc_reg_pos_25_0_0_1_1_1_1_1                                                                                0.1060 0.1060 
        mult_add_pipeline:core/sum:c.tmp.sva.1                                                                                                                                                                                                          0.0000 0.1060 
        mult_add_pipeline:core/sum:acc                                                                                                      mgc_addc_25_0_25_0_26_6                                                                                     0.8715 0.9775 
        mult_add_pipeline:core/sum:acc.itm                                                                                                                                                                                                              0.0000 0.9775 
        mult_add_pipeline:core/reg(sum.sva.1)                                                                                               mgc_reg_pos_26_0_0_1_1_1_1_1                                                                                0.0000 0.9775 
                                                                                                                                                                                                                                                                      
      9                                                                                                                                     mult_add_pipeline:core/reg(sum.sva.1)                         mult_add_pipeline:core/reg(sum.sva#1.1)       0.9644 0.1456 
                                                                                                                                                                                                                                                                      
        Instance                                                                                                                            Component                                                                                                   Delta  Delay  
        --------                                                                                                                            ---------                                                                                                   -----  -----  
        mult_add_pipeline:core/reg(sum.sva.1)                                                                                               mgc_reg_pos_26_0_0_1_1_1_1_1                                                                                0.1060 0.1060 
        mult_add_pipeline:core/sum.sva.1                                                                                                                                                                                                                0.0000 0.1060 
        mult_add_pipeline:core/operator*<10,2,true,AC_TRN,AC_WRAP,26,false>:mul                                                             mgc_mul_10_1_26_0_34_2                                                                                      0.7009 0.8069 
        mult_add_pipeline:core/operator*<10,2,true,AC_TRN,AC_WRAP,26,false>:mul.itm                                                                                                                                                                     0.0000 0.8069 
        mult_add_pipeline:core/operator*<10,2,true,AC_TRN,AC_WRAP,26,false>:slc(operator*<10,2,true,AC_TRN,AC_WRAP,26,false>:mul)(33-8)                                                                                                                 0.0000 0.8069 
        mult_add_pipeline:core/operator*<10,2,true,AC_TRN,AC_WRAP,26,false>:slc(operator*<10,2,true,AC_TRN,AC_WRAP,26,false>:mul)(33-8).itm                                                                                                             0.0000 0.8069 
        mult_add_pipeline:core/sum:mux#1                                                                                                    mgc_mux_26_1_2_5                                                                                            0.1575 0.9644 
        mult_add_pipeline:core/sum:mux#1.itm                                                                                                                                                                                                            0.0000 0.9644 
        mult_add_pipeline:core/reg(sum.sva#1.1)                                                                                             mgc_reg_pos_26_0_0_1_1_1_1_1                                                                                0.0000 0.9644 
                                                                                                                                                                                                                                                                      
      10                                                                                                                                    mult_add_pipeline:core/reg(gain.sva.2)                        mult_add_pipeline:core/reg(sum.sva#1.1)       0.9644 0.1456 
                                                                                                                                                                                                                                                                      
        Instance                                                                                                                            Component                                                                                                   Delta  Delay  
        --------                                                                                                                            ---------                                                                                                   -----  -----  
        mult_add_pipeline:core/reg(gain.sva.2)                                                                                              mgc_reg_pos_10_0_0_1_1_1_1_1                                                                                0.1060 0.1060 
        mult_add_pipeline:core/gain.sva.2                                                                                                                                                                                                               0.0000 0.1060 
        mult_add_pipeline:core/operator*<10,2,true,AC_TRN,AC_WRAP,26,false>:mul                                                             mgc_mul_10_1_26_0_34_2                                                                                      0.7009 0.8069 
        mult_add_pipeline:core/operator*<10,2,true,AC_TRN,AC_WRAP,26,false>:mul.itm                                                                                                                                                                     0.0000 0.8069 
        mult_add_pipeline:core/operator*<10,2,true,AC_TRN,AC_WRAP,26,false>:slc(operator*<10,2,true,AC_TRN,AC_WRAP,26,false>:mul)(33-8)                                                                                                                 0.0000 0.8069 
        mult_add_pipeline:core/operator*<10,2,true,AC_TRN,AC_WRAP,26,false>:slc(operator*<10,2,true,AC_TRN,AC_WRAP,26,false>:mul)(33-8).itm                                                                                                             0.0000 0.8069 
        mult_add_pipeline:core/sum:mux#1                                                                                                    mgc_mux_26_1_2_5                                                                                            0.1575 0.9644 
        mult_add_pipeline:core/sum:mux#1.itm                                                                                                                                                                                                            0.0000 0.9644 
        mult_add_pipeline:core/reg(sum.sva#1.1)                                                                                             mgc_reg_pos_26_0_0_1_1_1_1_1                                                                                0.0000 0.9644 
                                                                                                                                                                                                                                                                      
      
    Register Input and Register-to-Output Slack
      Clock period or pin-to-reg delay constraint (clk): 1.11
      Clock uncertainty constraint (clk)               : 0.0
      
      Instance                                                                Port                                       Slack (Delay) Messages 
      ----------------------------------------------------------------------- ----------------------------------------- ------ ------- --------
      mult_add_pipeline:core/reg(result:rsci.idat(29:4))                      sum.sva#1.1                               1.0040  0.1060          
      mult_add_pipeline:core/reg(gain_adjust:rsc.triosy:obj.iswt0)            slc(fsm_output)(1)#1.itm                  1.1100  0.0000          
      mult_add_pipeline:core/reg(result:rsci.iswt0)                           main.stage_0.4                            0.9340  0.1760          
      mult_add_pipeline:core/reg(c:rsci.iswt0)                                1#5                                       1.1100  0.0000          
      mult_add_pipeline:core/reg(sum.sva#1.1)                                 sum:mux#1.itm                             0.1456  0.9644          
      mult_add_pipeline:core/reg(CHECK:io_read(gain_adjust:rsc.@).svs.st.2)   CHECK:io_read(gain_adjust:rsc.@).svs.st.1 0.9255  0.1845          
      mult_add_pipeline:core/reg(main.stage_0.3)                              reg(gain_adjust:rsc.triosy:obj.iswt0).cse 0.9255  0.1845          
      mult_add_pipeline:core/reg(main.stage_0.4)                              main.stage_0.3                            0.9340  0.1760          
      mult_add_pipeline:core/reg(sum.sva.1)                                   sum:acc.itm                               0.1325  0.9775          
      mult_add_pipeline:core/reg(gain.sva.2)                                  gain.sva.1                                1.0040  0.1060          
      mult_add_pipeline:core/reg(CHECK:io_read(gain_adjust:rsc.@).svs.st.1)   gain_adjust:rsci.idat                     1.0400  0.0700          
      mult_add_pipeline:core/reg(product:mul.itm.1)                           product:mul.itm                           0.0077  1.1023          
      mult_add_pipeline:core/reg(sum:c.tmp.sva.1)                             c:rsci.idat.mxwt                          0.8475  0.2625          
      mult_add_pipeline:core/reg(gain.sva.1)                                  gain:rsci.idat                            1.1100  0.0000          
      mult_add_pipeline:core:a:rsci:a:wait_dp/reg(a:rsci.bcwt)                product:nor.itm                           0.4692  0.6409          
      mult_add_pipeline:core:a:rsci:a:wait_dp/reg(a:rsci.idat.bfwt)           a:rsci.idat                               0.9835  0.1265          
      mult_add_pipeline:core:b:rsci:b:wait_dp/reg(b:rsci.bcwt)                product:nor#2.itm                         0.4692  0.6409          
      mult_add_pipeline:core:b:rsci:b:wait_dp/reg(b:rsci.idat.bfwt)           b:rsci.idat                               0.9790  0.1310          
      mult_add_pipeline:core:c:rsci:c:wait_dp/reg(c:rsci.bcwt)                sum:nor.itm                               0.4692  0.6409          
      mult_add_pipeline:core:c:rsci:c:wait_dp/reg(c:rsci.idat.bfwt)           c:rsci.idat                               0.9535  0.1565          
      mult_add_pipeline:core:result:rsci:result:wait_dp/reg(result:rsci.bcwt) nor.itm                                   0.4692  0.6409          
      mult_add_pipeline:core:staller/reg(core.wten)                           not#3.itm                                 0.6091  0.5009          
      mult_add_pipeline                                                       a:rsc.rdy                                 0.8945  0.2155          
      mult_add_pipeline                                                       b:rsc.rdy                                 0.8945  0.2155          
      mult_add_pipeline                                                       c:rsc.rdy                                 0.8945  0.2155          
      mult_add_pipeline                                                       gain:rsc.triosy.lz                        0.8945  0.2155          
      mult_add_pipeline                                                       gain_adjust:rsc.triosy.lz                 0.8945  0.2155          
      mult_add_pipeline                                                       result:rsc.dat                            0.8945  0.2155          
      mult_add_pipeline                                                       result:rsc.vld                            0.8945  0.2155          
      
  Operator Bitwidth Summary
    Operation  Size (bits) Count 
    ---------- ----------- -----
    add                          
    -                   26     1 
    and                          
    -                    1    20 
    mul                          
    -                   34     1 
    -                   25     1 
    mux                          
    -                   26     1 
    -                   25     1 
    -                   14     1 
    -                   11     1 
    nor                          
    -                    1     8 
    not                          
    -                    1    11 
    or                           
    -                    1     4 
    read_port                    
    -                   25     1 
    -                   14     1 
    -                   11     1 
    -                   10     1 
    -                    1     1 
    read_sync                    
    -                    0     2 
    reg                          
    -                   26     3 
    -                   25     3 
    -                   14     1 
    -                   11     1 
    -                   10     2 
    -                    1    12 
    write_port                   
    -                    0     1 
    
  End of Report
