-- Catapult Ultra Synthesis: Report                                              
-- ------------------------- ---------------------------------------------------
-- Version:                  2021.1/950854 Production Release                    
-- Build Date:               Mon Aug  2 21:36:02 PDT 2021                        
                                                                                 
-- Generated by:             andreu.roca.montserrat@c5c4                         
-- Generated date:           Thu Nov 21 17:58:18 CET 2024                        

Solution Settings: mult_add_pipeline.v4
  Current state: schedule
  Project: Catapult
  
  Design Input Files Specified
    $PROJECT_HOME/src/mult_add_pipeline.cpp
      $PROJECT_HOME/src/mult_add_pipeline.h
        $MGC_HOME/shared/include/ac_fixed.h
          $MGC_HOME/shared/include/ac_int.h
        $MGC_HOME/shared/include/ac_channel.h
      $MGC_HOME/shared/include/mc_scverify.h
    $PROJECT_HOME/src/mult_add_pipeline_ref.cpp
    $PROJECT_HOME/src/tb.cpp
  
  Processes/Blocks in Design
    Process                 Real Operation(s) count Latency Throughput Reset Length II Comments 
    ----------------------- ----------------------- ------- ---------- ------------ -- --------
    /mult_add_pipeline/core                      12       1          1            1  0          
    Design Total:                                12       1          1            1  1          
    
  Clock Information
    Clock Signal Edge    Period Sharing Alloc (%) Uncertainty Used by Processes/Blocks 
    ------------ ------ ------- ----------------- ----------- ------------------------
    clk          rising 100.000             20.00    0.000000 /mult_add_pipeline/core  
    
  I/O Data Ranges
    Port                      Mode DeclType DeclWidth DeclRange ActType ActWidth ActRange 
    ------------------------- ---- -------- --------- --------- ------- -------- --------
    clk                       IN   Unsigned         1                                     
    rst                       IN   Unsigned         1                                     
    a:rsc.dat                 IN   Unsigned        11                                     
    a:rsc.vld                 IN   Unsigned         1                                     
    b:rsc.dat                 IN   Unsigned        14                                     
    b:rsc.vld                 IN   Unsigned         1                                     
    c:rsc.dat                 IN   Unsigned        25                                     
    c:rsc.vld                 IN   Unsigned         1                                     
    gain:rsc.dat              IN   Unsigned        10                                     
    gain_adjust:rsc.dat       IN   Unsigned         1                                     
    result:rsc.rdy            IN   Unsigned         1                                     
    a:rsc.rdy                 OUT  Unsigned         1                                     
    b:rsc.rdy                 OUT  Unsigned         1                                     
    c:rsc.rdy                 OUT  Unsigned         1                                     
    gain:rsc.triosy.lz        OUT  Unsigned         1                                     
    gain_adjust:rsc.triosy.lz OUT  Unsigned         1                                     
    result:rsc.dat            OUT  Unsigned        30                                     
    result:rsc.vld            OUT  Unsigned         1                                     
    
  Memory Resources
    Resource Name: /mult_add_pipeline/a:rsc
      Memory Component: ccs_in_wait                  Size:         1 x 11
      External:         true                         Packing Mode: sidebyside
      Memory Map:
      Variable             Indices Phys Memory Address     
      -------------------- ------- -----------------------
      /mult_add_pipeline/a    0:10 00000000-00000000 (0-0) 
      
    Resource Name: /mult_add_pipeline/b:rsc
      Memory Component: ccs_in_wait                  Size:         1 x 14
      External:         true                         Packing Mode: sidebyside
      Memory Map:
      Variable             Indices Phys Memory Address     
      -------------------- ------- -----------------------
      /mult_add_pipeline/b    0:13 00000000-00000000 (0-0) 
      
    Resource Name: /mult_add_pipeline/c:rsc
      Memory Component: ccs_in_wait                  Size:         1 x 25
      External:         true                         Packing Mode: sidebyside
      Memory Map:
      Variable             Indices Phys Memory Address     
      -------------------- ------- -----------------------
      /mult_add_pipeline/c    0:24 00000000-00000000 (0-0) 
      
    Resource Name: /mult_add_pipeline/gain:rsc
      Memory Component: ccs_in                       Size:         1 x 10
      External:         true                         Packing Mode: sidebyside
      Memory Map:
      Variable                Indices Phys Memory Address     
      ----------------------- ------- -----------------------
      /mult_add_pipeline/gain     0:9 00000000-00000000 (0-0) 
      
    Resource Name: /mult_add_pipeline/gain_adjust:rsc
      Memory Component: ccs_in                       Size:         1 x 1
      External:         true                         Packing Mode: sidebyside
      Memory Map:
      Variable                       Indices Phys Memory Address     
      ------------------------------ ------- -----------------------
      /mult_add_pipeline/gain_adjust     0:0 00000000-00000000 (0-0) 
      
    Resource Name: /mult_add_pipeline/result:rsc
      Memory Component: ccs_out_wait                 Size:         1 x 30
      External:         true                         Packing Mode: sidebyside
      Memory Map:
      Variable                  Indices Phys Memory Address     
      ------------------------- ------- -----------------------
      /mult_add_pipeline/result    0:29 00000000-00000000 (0-0) 
      
  C++ to Interface Mappings
    C++ Field Interface Range Range Expression Expression Limits 
    --------- --------------- ---------------- -----------------
    
  Multi-Cycle (Combinational) Component Usage
    Instance Component Name Cycles 
    -------- -------------- ------
    
  Loops
    Process                 Loop             Iterations C-Steps Total Cycles   Duration  Unroll Init Comments 
    ----------------------- ---------------- ---------- ------- ------------- ---------- ------ ---- --------
    /mult_add_pipeline/core core:rlp           Infinite       1            3  300.00 ns                       
    /mult_add_pipeline/core  main              Infinite       2            2  200.00 ns            1          
    
  Loop Execution Profile
    Process                 Loop             Total Cycles % of Overall Design Cycles Throughput Cycles Comments 
    ----------------------- ---------------- ------------ -------------------------- ----------------- --------
    /mult_add_pipeline/core core:rlp                   1                       33.33                1           
    /mult_add_pipeline/core  main                      2                       66.67                1           
    
  End of Report
