-- Catapult Ultra Synthesis: Report                                              
-- ------------------------- ---------------------------------------------------
-- Version:                  2021.1/950854 Production Release                    
-- Build Date:               Mon Aug  2 21:36:02 PDT 2021                        
                                                                                 
-- Generated by:             andreu.roca.montserrat@c5c4                         
-- Generated date:           Thu Nov 21 17:58:20 CET 2024                        

Solution Settings: mult_add_pipeline.v4
  Current state: extract
  Project: Catapult
  
  Design Input Files Specified
    $PROJECT_HOME/src/mult_add_pipeline.cpp
      $PROJECT_HOME/src/mult_add_pipeline.h
        $MGC_HOME/shared/include/ac_fixed.h
          $MGC_HOME/shared/include/ac_int.h
        $MGC_HOME/shared/include/ac_channel.h
      $MGC_HOME/shared/include/mc_scverify.h
    $PROJECT_HOME/src/mult_add_pipeline_ref.cpp
    $PROJECT_HOME/src/tb.cpp
  
  Processes/Blocks in Design
    Process                 Real Operation(s) count Latency Throughput Reset Length II Comments 
    ----------------------- ----------------------- ------- ---------- ------------ -- --------
    /mult_add_pipeline/core                      12       1          1            1  0          
    Design Total:                                12       1          1            1  1          
    
  Bill Of Materials (Datapath)
    Component Name                    Area Score Area(DSP) Area(LUTs) Delay Post Alloc Post Assign 
    --------------------------------- ---------- --------- ---------- ----- ---------- -----------
    [Lib: ccs_ioport]                                                                              
    ccs_in(4,10)                           0.000     0.000      0.000 0.000          1           1 
    ccs_in(5,1)                            0.000     0.000      0.000 0.000          1           1 
    ccs_in_wait(1,11)                      0.000     0.000      0.000 0.000          1           1 
    ccs_in_wait(2,14)                      0.000     0.000      0.000 0.000          1           1 
    ccs_in_wait(3,25)                      0.000     0.000      0.000 0.000          1           1 
    ccs_out_wait(6,30)                     0.000     0.000      0.000 0.000          1           1 
    [Lib: mgc_Altera-Cyclone-V-6_beh]                                                              
    mgc_add(25,0,25,0,26)                 14.500     0.000     14.500 2.454          1           1 
    mgc_and(1,2)                           1.000     0.000      1.000 1.279          0          17 
    mgc_and(1,4)                           1.000     0.000      1.000 1.279          0           1 
    mgc_mul(10,1,26,0,34)                310.000     1.000      0.000 4.600          1           1 
    mgc_mul(11,0,14,0,25)                310.000     1.000      0.000 4.600          1           1 
    mgc_mux(11,1,2)                       11.000     0.000     11.000 1.312          0           1 
    mgc_mux(14,1,2)                       14.000     0.000     14.000 1.312          0           1 
    mgc_mux(25,1,2)                       25.000     0.000     25.000 1.312          0           1 
    mgc_mux(26,1,2)                       26.000     0.000     26.000 1.312          1           1 
    mgc_nor(1,2)                           1.000     0.000      1.000 1.268          0           8 
    mgc_not(1)                             0.000     0.000      0.000 0.000          0          12 
    mgc_or(1,2)                            1.000     0.000      1.000 1.268          0           1 
    mgc_or(1,3)                            1.000     0.000      1.000 1.268          0           4 
    mgc_reg_pos(1,0,0,1,1,0,0)             0.000     0.000      0.000 0.300          0           5 
    mgc_reg_pos(1,0,0,1,1,1,1)             0.000     0.000      0.000 0.300          0           2 
    mgc_reg_pos(11,0,0,1,1,1,1)            0.000     0.000      0.000 0.300          0           1 
    mgc_reg_pos(14,0,0,1,1,1,1)            0.000     0.000      0.000 0.300          0           1 
    mgc_reg_pos(25,0,0,1,1,1,1)            0.000     0.000      0.000 0.300          0           1 
    mgc_reg_pos(26,0,0,1,1,1,1)            0.000     0.000      0.000 0.300          0           1 
    [Lib: mgc_ioport]                                                                              
    mgc_io_sync(0)                         0.000     0.000      0.000 0.000          2           2 
                                                                                                   
    TOTAL AREA (After Assignment):       741.500     2.000    122.000                              
    
  Area Scores
                      Post-Scheduling  Post-DP & FSM Post-Assignment 
    ----------------- --------------- -------------- ---------------
    Total Area Score:    660.5          742.5           742.5        
    Total Reg:             0.0            0.0             0.0        
                                                                     
    DataPath:            660.5 (100%)   741.5 (100%)    741.5 (100%) 
      MUX:                26.0   (4%)    76.0  (10%)     76.0  (10%) 
      FUNC:              634.5  (96%)   634.5  (86%)    634.5  (86%) 
      LOGIC:               0.0           31.0   (4%)     31.0   (4%) 
      BUFFER:              0.0            0.0             0.0        
      MEM:                 0.0            0.0             0.0        
      ROM:                 0.0            0.0             0.0        
      REG:                 0.0            0.0             0.0        
                                                                     
    
    FSM:                   0.0            1.0   (0%)      1.0   (0%) 
      FSM-REG:             0.0            0.0             0.0        
      FSM-COMB:            0.0            1.0 (100%)      1.0 (100%) 
                                                                     
    
  Register-to-Variable Mappings
    Register                                  Size(bits) Gated Register CG Opt Done Variables                                             
    ----------------------------------------- ---------- -------------- ----------- -----------------------------------------------------
    result:rsci.idat(29:4)                            26         Y           Y      result:rsci.idat(29:4)                                
    c:rsci.idat.bfwt                                  25         Y           Y      c:rsci.idat.bfwt                                      
    b:rsci.idat.bfwt                                  14         Y           Y      b:rsci.idat.bfwt                                      
    a:rsci.idat.bfwt                                  11         Y           Y      a:rsci.idat.bfwt                                      
    a:rsci.bcwt                                        1                            a:rsci.bcwt                                           
    b:rsci.bcwt                                        1                            b:rsci.bcwt                                           
    c:rsci.bcwt                                        1                            c:rsci.bcwt                                           
    core.wten                                          1                            core.wten                                             
    reg(c:rsci.iswt0).cse                              1         Y                  reg(c:rsci.iswt0).cse                                 
    reg(gain_adjust:rsc.triosy:obj.iswt0).cse          1         Y                  reg(gain_adjust:rsc.triosy:obj.iswt0).cse             
    result:rsci.bcwt                                   1                            result:rsci.bcwt                                      
                                                                                                                                          
    Total:                                            83             78          76 (Total Gating Ratio: 0.94, CG Opt Gating Ratio: 0.92) 
    
  Timing Report
    Critical Path
      Max Delay:  14.578434999999999
      Slack:      85.421565
      
      Path                                                                                                                                  Startpoint                                                    Endpoint                                           Delay   Slack   
      ------------------------------------------------------------------------------------------------------------------------------------- ------------------------------------------------------------- -------------------------------------------------- ------- -------
      1                                                                                                                                     mult_add_pipeline:core:a:rsci:a:wait_dp/reg(a:rsci.idat.bfwt) mult_add_pipeline:core/reg(result:rsci.idat(29:4)) 14.5784 85.4216 
                                                                                                                                                                                                                                                                             
        Instance                                                                                                                            Component                                                                                                        Delta   Delay   
        --------                                                                                                                            ---------                                                                                                        -----   -----   
        mult_add_pipeline:core:a:rsci:a:wait_dp/reg(a:rsci.idat.bfwt)                                                                       mgc_reg_pos_11_0_0_1_1_1_1                                                                                       0.3001  0.3001  
        mult_add_pipeline:core:a:rsci:a:wait_dp/a:rsci.idat.bfwt                                                                                                                                                                                             0.0000  0.3001  
        mult_add_pipeline:core:a:rsci:a:wait_dp/product:mux#2                                                                               mgc_mux_11_1_2                                                                                                   1.3121  1.6122  
        mult_add_pipeline:core:a:rsci:a:wait_dp/a:rsci.idat.mxwt                                                                                                                                                                                             0.0000  1.6122  
        mult_add_pipeline:core:a:rsci/a:rsci.idat.mxwt                                                                                                                                                                                                       0.0000  1.6122  
        mult_add_pipeline:core/a:rsci.idat.mxwt                                                                                                                                                                                                              0.0000  1.6122  
        mult_add_pipeline:core/product:mul                                                                                                  mgc_mul_11_0_14_0_25                                                                                             4.6000  6.2122  
        mult_add_pipeline:core/product:mul.itm                                                                                                                                                                                                               0.0000  6.2122  
        mult_add_pipeline:core/sum:acc                                                                                                      mgc_addc_25_0_25_0_26                                                                                            2.4541  8.6663  
        mult_add_pipeline:core/sum.sva#1                                                                                                                                                                                                                     0.0000  8.6663  
        mult_add_pipeline:core/operator*<10,2,true,AC_TRN,AC_WRAP,26,false>:mul                                                             mgc_mul_10_1_26_0_34                                                                                             4.6000  13.2663 
        mult_add_pipeline:core/operator*<10,2,true,AC_TRN,AC_WRAP,26,false>:mul.itm                                                                                                                                                                          0.0000  13.2663 
        mult_add_pipeline:core/operator*<10,2,true,AC_TRN,AC_WRAP,26,false>:slc(operator*<10,2,true,AC_TRN,AC_WRAP,26,false>:mul)(33-8)                                                                                                                      0.0000  13.2663 
        mult_add_pipeline:core/operator*<10,2,true,AC_TRN,AC_WRAP,26,false>:slc(operator*<10,2,true,AC_TRN,AC_WRAP,26,false>:mul)(33-8).itm                                                                                                                  0.0000  13.2663 
        mult_add_pipeline:core/mux#1                                                                                                        mgc_mux_26_1_2                                                                                                   1.3121  14.5784 
        mult_add_pipeline:core/mux#1.itm                                                                                                                                                                                                                     0.0000  14.5784 
        mult_add_pipeline:core/reg(result:rsci.idat(29:4))                                                                                  mgc_reg_pos_26_0_0_1_1_1_1                                                                                       0.0000  14.5784 
                                                                                                                                                                                                                                                                             
      2                                                                                                                                     mult_add_pipeline:core:b:rsci:b:wait_dp/reg(b:rsci.idat.bfwt) mult_add_pipeline:core/reg(result:rsci.idat(29:4)) 14.5784 85.4216 
                                                                                                                                                                                                                                                                             
        Instance                                                                                                                            Component                                                                                                        Delta   Delay   
        --------                                                                                                                            ---------                                                                                                        -----   -----   
        mult_add_pipeline:core:b:rsci:b:wait_dp/reg(b:rsci.idat.bfwt)                                                                       mgc_reg_pos_14_0_0_1_1_1_1                                                                                       0.3001  0.3001  
        mult_add_pipeline:core:b:rsci:b:wait_dp/b:rsci.idat.bfwt                                                                                                                                                                                             0.0000  0.3001  
        mult_add_pipeline:core:b:rsci:b:wait_dp/product:mux#5                                                                               mgc_mux_14_1_2                                                                                                   1.3121  1.6122  
        mult_add_pipeline:core:b:rsci:b:wait_dp/b:rsci.idat.mxwt                                                                                                                                                                                             0.0000  1.6122  
        mult_add_pipeline:core:b:rsci/b:rsci.idat.mxwt                                                                                                                                                                                                       0.0000  1.6122  
        mult_add_pipeline:core/b:rsci.idat.mxwt                                                                                                                                                                                                              0.0000  1.6122  
        mult_add_pipeline:core/product:mul                                                                                                  mgc_mul_11_0_14_0_25                                                                                             4.6000  6.2122  
        mult_add_pipeline:core/product:mul.itm                                                                                                                                                                                                               0.0000  6.2122  
        mult_add_pipeline:core/sum:acc                                                                                                      mgc_addc_25_0_25_0_26                                                                                            2.4541  8.6663  
        mult_add_pipeline:core/sum.sva#1                                                                                                                                                                                                                     0.0000  8.6663  
        mult_add_pipeline:core/operator*<10,2,true,AC_TRN,AC_WRAP,26,false>:mul                                                             mgc_mul_10_1_26_0_34                                                                                             4.6000  13.2663 
        mult_add_pipeline:core/operator*<10,2,true,AC_TRN,AC_WRAP,26,false>:mul.itm                                                                                                                                                                          0.0000  13.2663 
        mult_add_pipeline:core/operator*<10,2,true,AC_TRN,AC_WRAP,26,false>:slc(operator*<10,2,true,AC_TRN,AC_WRAP,26,false>:mul)(33-8)                                                                                                                      0.0000  13.2663 
        mult_add_pipeline:core/operator*<10,2,true,AC_TRN,AC_WRAP,26,false>:slc(operator*<10,2,true,AC_TRN,AC_WRAP,26,false>:mul)(33-8).itm                                                                                                                  0.0000  13.2663 
        mult_add_pipeline:core/mux#1                                                                                                        mgc_mux_26_1_2                                                                                                   1.3121  14.5784 
        mult_add_pipeline:core/mux#1.itm                                                                                                                                                                                                                     0.0000  14.5784 
        mult_add_pipeline:core/reg(result:rsci.idat(29:4))                                                                                  mgc_reg_pos_26_0_0_1_1_1_1                                                                                       0.0000  14.5784 
                                                                                                                                                                                                                                                                             
      3                                                                                                                                     mult_add_pipeline:core:a:rsci:a:wait_dp/reg(a:rsci.bcwt)      mult_add_pipeline:core/reg(result:rsci.idat(29:4)) 14.5784 85.4216 
                                                                                                                                                                                                                                                                             
        Instance                                                                                                                            Component                                                                                                        Delta   Delay   
        --------                                                                                                                            ---------                                                                                                        -----   -----   
        mult_add_pipeline:core:a:rsci:a:wait_dp/reg(a:rsci.bcwt)                                                                            mgc_reg_pos_1_0_0_1_1_0_0                                                                                        0.3001  0.3001  
        mult_add_pipeline:core:a:rsci:a:wait_dp/a:rsci.bcwt                                                                                                                                                                                                  0.0000  0.3001  
        mult_add_pipeline:core:a:rsci:a:wait_dp/product:mux#2                                                                               mgc_mux_11_1_2                                                                                                   1.3121  1.6122  
        mult_add_pipeline:core:a:rsci:a:wait_dp/a:rsci.idat.mxwt                                                                                                                                                                                             0.0000  1.6122  
        mult_add_pipeline:core:a:rsci/a:rsci.idat.mxwt                                                                                                                                                                                                       0.0000  1.6122  
        mult_add_pipeline:core/a:rsci.idat.mxwt                                                                                                                                                                                                              0.0000  1.6122  
        mult_add_pipeline:core/product:mul                                                                                                  mgc_mul_11_0_14_0_25                                                                                             4.6000  6.2122  
        mult_add_pipeline:core/product:mul.itm                                                                                                                                                                                                               0.0000  6.2122  
        mult_add_pipeline:core/sum:acc                                                                                                      mgc_addc_25_0_25_0_26                                                                                            2.4541  8.6663  
        mult_add_pipeline:core/sum.sva#1                                                                                                                                                                                                                     0.0000  8.6663  
        mult_add_pipeline:core/operator*<10,2,true,AC_TRN,AC_WRAP,26,false>:mul                                                             mgc_mul_10_1_26_0_34                                                                                             4.6000  13.2663 
        mult_add_pipeline:core/operator*<10,2,true,AC_TRN,AC_WRAP,26,false>:mul.itm                                                                                                                                                                          0.0000  13.2663 
        mult_add_pipeline:core/operator*<10,2,true,AC_TRN,AC_WRAP,26,false>:slc(operator*<10,2,true,AC_TRN,AC_WRAP,26,false>:mul)(33-8)                                                                                                                      0.0000  13.2663 
        mult_add_pipeline:core/operator*<10,2,true,AC_TRN,AC_WRAP,26,false>:slc(operator*<10,2,true,AC_TRN,AC_WRAP,26,false>:mul)(33-8).itm                                                                                                                  0.0000  13.2663 
        mult_add_pipeline:core/mux#1                                                                                                        mgc_mux_26_1_2                                                                                                   1.3121  14.5784 
        mult_add_pipeline:core/mux#1.itm                                                                                                                                                                                                                     0.0000  14.5784 
        mult_add_pipeline:core/reg(result:rsci.idat(29:4))                                                                                  mgc_reg_pos_26_0_0_1_1_1_1                                                                                       0.0000  14.5784 
                                                                                                                                                                                                                                                                             
      4                                                                                                                                     mult_add_pipeline:core:b:rsci:b:wait_dp/reg(b:rsci.bcwt)      mult_add_pipeline:core/reg(result:rsci.idat(29:4)) 14.5784 85.4216 
                                                                                                                                                                                                                                                                             
        Instance                                                                                                                            Component                                                                                                        Delta   Delay   
        --------                                                                                                                            ---------                                                                                                        -----   -----   
        mult_add_pipeline:core:b:rsci:b:wait_dp/reg(b:rsci.bcwt)                                                                            mgc_reg_pos_1_0_0_1_1_0_0                                                                                        0.3001  0.3001  
        mult_add_pipeline:core:b:rsci:b:wait_dp/b:rsci.bcwt                                                                                                                                                                                                  0.0000  0.3001  
        mult_add_pipeline:core:b:rsci:b:wait_dp/product:mux#5                                                                               mgc_mux_14_1_2                                                                                                   1.3121  1.6122  
        mult_add_pipeline:core:b:rsci:b:wait_dp/b:rsci.idat.mxwt                                                                                                                                                                                             0.0000  1.6122  
        mult_add_pipeline:core:b:rsci/b:rsci.idat.mxwt                                                                                                                                                                                                       0.0000  1.6122  
        mult_add_pipeline:core/b:rsci.idat.mxwt                                                                                                                                                                                                              0.0000  1.6122  
        mult_add_pipeline:core/product:mul                                                                                                  mgc_mul_11_0_14_0_25                                                                                             4.6000  6.2122  
        mult_add_pipeline:core/product:mul.itm                                                                                                                                                                                                               0.0000  6.2122  
        mult_add_pipeline:core/sum:acc                                                                                                      mgc_addc_25_0_25_0_26                                                                                            2.4541  8.6663  
        mult_add_pipeline:core/sum.sva#1                                                                                                                                                                                                                     0.0000  8.6663  
        mult_add_pipeline:core/operator*<10,2,true,AC_TRN,AC_WRAP,26,false>:mul                                                             mgc_mul_10_1_26_0_34                                                                                             4.6000  13.2663 
        mult_add_pipeline:core/operator*<10,2,true,AC_TRN,AC_WRAP,26,false>:mul.itm                                                                                                                                                                          0.0000  13.2663 
        mult_add_pipeline:core/operator*<10,2,true,AC_TRN,AC_WRAP,26,false>:slc(operator*<10,2,true,AC_TRN,AC_WRAP,26,false>:mul)(33-8)                                                                                                                      0.0000  13.2663 
        mult_add_pipeline:core/operator*<10,2,true,AC_TRN,AC_WRAP,26,false>:slc(operator*<10,2,true,AC_TRN,AC_WRAP,26,false>:mul)(33-8).itm                                                                                                                  0.0000  13.2663 
        mult_add_pipeline:core/mux#1                                                                                                        mgc_mux_26_1_2                                                                                                   1.3121  14.5784 
        mult_add_pipeline:core/mux#1.itm                                                                                                                                                                                                                     0.0000  14.5784 
        mult_add_pipeline:core/reg(result:rsci.idat(29:4))                                                                                  mgc_reg_pos_26_0_0_1_1_1_1                                                                                       0.0000  14.5784 
                                                                                                                                                                                                                                                                             
      5                                                                                                                                     mult_add_pipeline:core:a:rsci:a:wait_dp/a:rsci.idat           mult_add_pipeline:core/reg(result:rsci.idat(29:4)) 14.2783 85.7217 
                                                                                                                                                                                                                                                                             
        Instance                                                                                                                            Component                                                                                                        Delta   Delay   
        --------                                                                                                                            ---------                                                                                                        -----   -----   
        mult_add_pipeline:core:a:rsci:a:wait_dp/a:rsci.idat                                                                                                                                                                                                  0.0000  0.0000  
        mult_add_pipeline:core:a:rsci:a:wait_dp/product:mux#2                                                                               mgc_mux_11_1_2                                                                                                   1.3121  1.3121  
        mult_add_pipeline:core:a:rsci:a:wait_dp/a:rsci.idat.mxwt                                                                                                                                                                                             0.0000  1.3121  
        mult_add_pipeline:core:a:rsci/a:rsci.idat.mxwt                                                                                                                                                                                                       0.0000  1.3121  
        mult_add_pipeline:core/a:rsci.idat.mxwt                                                                                                                                                                                                              0.0000  1.3121  
        mult_add_pipeline:core/product:mul                                                                                                  mgc_mul_11_0_14_0_25                                                                                             4.6000  5.9121  
        mult_add_pipeline:core/product:mul.itm                                                                                                                                                                                                               0.0000  5.9121  
        mult_add_pipeline:core/sum:acc                                                                                                      mgc_addc_25_0_25_0_26                                                                                            2.4541  8.3662  
        mult_add_pipeline:core/sum.sva#1                                                                                                                                                                                                                     0.0000  8.3662  
        mult_add_pipeline:core/operator*<10,2,true,AC_TRN,AC_WRAP,26,false>:mul                                                             mgc_mul_10_1_26_0_34                                                                                             4.6000  12.9662 
        mult_add_pipeline:core/operator*<10,2,true,AC_TRN,AC_WRAP,26,false>:mul.itm                                                                                                                                                                          0.0000  12.9662 
        mult_add_pipeline:core/operator*<10,2,true,AC_TRN,AC_WRAP,26,false>:slc(operator*<10,2,true,AC_TRN,AC_WRAP,26,false>:mul)(33-8)                                                                                                                      0.0000  12.9662 
        mult_add_pipeline:core/operator*<10,2,true,AC_TRN,AC_WRAP,26,false>:slc(operator*<10,2,true,AC_TRN,AC_WRAP,26,false>:mul)(33-8).itm                                                                                                                  0.0000  12.9662 
        mult_add_pipeline:core/mux#1                                                                                                        mgc_mux_26_1_2                                                                                                   1.3121  14.2783 
        mult_add_pipeline:core/mux#1.itm                                                                                                                                                                                                                     0.0000  14.2783 
        mult_add_pipeline:core/reg(result:rsci.idat(29:4))                                                                                  mgc_reg_pos_26_0_0_1_1_1_1                                                                                       0.0000  14.2783 
                                                                                                                                                                                                                                                                             
      6                                                                                                                                     mult_add_pipeline:core:b:rsci:b:wait_dp/b:rsci.idat           mult_add_pipeline:core/reg(result:rsci.idat(29:4)) 14.2783 85.7217 
                                                                                                                                                                                                                                                                             
        Instance                                                                                                                            Component                                                                                                        Delta   Delay   
        --------                                                                                                                            ---------                                                                                                        -----   -----   
        mult_add_pipeline:core:b:rsci:b:wait_dp/b:rsci.idat                                                                                                                                                                                                  0.0000  0.0000  
        mult_add_pipeline:core:b:rsci:b:wait_dp/product:mux#5                                                                               mgc_mux_14_1_2                                                                                                   1.3121  1.3121  
        mult_add_pipeline:core:b:rsci:b:wait_dp/b:rsci.idat.mxwt                                                                                                                                                                                             0.0000  1.3121  
        mult_add_pipeline:core:b:rsci/b:rsci.idat.mxwt                                                                                                                                                                                                       0.0000  1.3121  
        mult_add_pipeline:core/b:rsci.idat.mxwt                                                                                                                                                                                                              0.0000  1.3121  
        mult_add_pipeline:core/product:mul                                                                                                  mgc_mul_11_0_14_0_25                                                                                             4.6000  5.9121  
        mult_add_pipeline:core/product:mul.itm                                                                                                                                                                                                               0.0000  5.9121  
        mult_add_pipeline:core/sum:acc                                                                                                      mgc_addc_25_0_25_0_26                                                                                            2.4541  8.3662  
        mult_add_pipeline:core/sum.sva#1                                                                                                                                                                                                                     0.0000  8.3662  
        mult_add_pipeline:core/operator*<10,2,true,AC_TRN,AC_WRAP,26,false>:mul                                                             mgc_mul_10_1_26_0_34                                                                                             4.6000  12.9662 
        mult_add_pipeline:core/operator*<10,2,true,AC_TRN,AC_WRAP,26,false>:mul.itm                                                                                                                                                                          0.0000  12.9662 
        mult_add_pipeline:core/operator*<10,2,true,AC_TRN,AC_WRAP,26,false>:slc(operator*<10,2,true,AC_TRN,AC_WRAP,26,false>:mul)(33-8)                                                                                                                      0.0000  12.9662 
        mult_add_pipeline:core/operator*<10,2,true,AC_TRN,AC_WRAP,26,false>:slc(operator*<10,2,true,AC_TRN,AC_WRAP,26,false>:mul)(33-8).itm                                                                                                                  0.0000  12.9662 
        mult_add_pipeline:core/mux#1                                                                                                        mgc_mux_26_1_2                                                                                                   1.3121  14.2783 
        mult_add_pipeline:core/mux#1.itm                                                                                                                                                                                                                     0.0000  14.2783 
        mult_add_pipeline:core/reg(result:rsci.idat(29:4))                                                                                  mgc_reg_pos_26_0_0_1_1_1_1                                                                                       0.0000  14.2783 
                                                                                                                                                                                                                                                                             
      7                                                                                                                                     mult_add_pipeline:core:a:rsci:a:wait_dp/reg(a:rsci.idat.bfwt) mult_add_pipeline:core/reg(result:rsci.idat(29:4)) 9.9784  90.0216 
                                                                                                                                                                                                                                                                             
        Instance                                                                                                                            Component                                                                                                        Delta   Delay   
        --------                                                                                                                            ---------                                                                                                        -----   -----   
        mult_add_pipeline:core:a:rsci:a:wait_dp/reg(a:rsci.idat.bfwt)                                                                       mgc_reg_pos_11_0_0_1_1_1_1                                                                                       0.3001  0.3001  
        mult_add_pipeline:core:a:rsci:a:wait_dp/a:rsci.idat.bfwt                                                                                                                                                                                             0.0000  0.3001  
        mult_add_pipeline:core:a:rsci:a:wait_dp/product:mux#2                                                                               mgc_mux_11_1_2                                                                                                   1.3121  1.6122  
        mult_add_pipeline:core:a:rsci:a:wait_dp/a:rsci.idat.mxwt                                                                                                                                                                                             0.0000  1.6122  
        mult_add_pipeline:core:a:rsci/a:rsci.idat.mxwt                                                                                                                                                                                                       0.0000  1.6122  
        mult_add_pipeline:core/a:rsci.idat.mxwt                                                                                                                                                                                                              0.0000  1.6122  
        mult_add_pipeline:core/product:mul                                                                                                  mgc_mul_11_0_14_0_25                                                                                             4.6000  6.2122  
        mult_add_pipeline:core/product:mul.itm                                                                                                                                                                                                               0.0000  6.2122  
        mult_add_pipeline:core/sum:acc                                                                                                      mgc_addc_25_0_25_0_26                                                                                            2.4541  8.6663  
        mult_add_pipeline:core/sum.sva#1                                                                                                                                                                                                                     0.0000  8.6663  
        mult_add_pipeline:core/mux#1                                                                                                        mgc_mux_26_1_2                                                                                                   1.3121  9.9784  
        mult_add_pipeline:core/mux#1.itm                                                                                                                                                                                                                     0.0000  9.9784  
        mult_add_pipeline:core/reg(result:rsci.idat(29:4))                                                                                  mgc_reg_pos_26_0_0_1_1_1_1                                                                                       0.0000  9.9784  
                                                                                                                                                                                                                                                                             
      8                                                                                                                                     mult_add_pipeline:core:b:rsci:b:wait_dp/reg(b:rsci.idat.bfwt) mult_add_pipeline:core/reg(result:rsci.idat(29:4)) 9.9784  90.0216 
                                                                                                                                                                                                                                                                             
        Instance                                                                                                                            Component                                                                                                        Delta   Delay   
        --------                                                                                                                            ---------                                                                                                        -----   -----   
        mult_add_pipeline:core:b:rsci:b:wait_dp/reg(b:rsci.idat.bfwt)                                                                       mgc_reg_pos_14_0_0_1_1_1_1                                                                                       0.3001  0.3001  
        mult_add_pipeline:core:b:rsci:b:wait_dp/b:rsci.idat.bfwt                                                                                                                                                                                             0.0000  0.3001  
        mult_add_pipeline:core:b:rsci:b:wait_dp/product:mux#5                                                                               mgc_mux_14_1_2                                                                                                   1.3121  1.6122  
        mult_add_pipeline:core:b:rsci:b:wait_dp/b:rsci.idat.mxwt                                                                                                                                                                                             0.0000  1.6122  
        mult_add_pipeline:core:b:rsci/b:rsci.idat.mxwt                                                                                                                                                                                                       0.0000  1.6122  
        mult_add_pipeline:core/b:rsci.idat.mxwt                                                                                                                                                                                                              0.0000  1.6122  
        mult_add_pipeline:core/product:mul                                                                                                  mgc_mul_11_0_14_0_25                                                                                             4.6000  6.2122  
        mult_add_pipeline:core/product:mul.itm                                                                                                                                                                                                               0.0000  6.2122  
        mult_add_pipeline:core/sum:acc                                                                                                      mgc_addc_25_0_25_0_26                                                                                            2.4541  8.6663  
        mult_add_pipeline:core/sum.sva#1                                                                                                                                                                                                                     0.0000  8.6663  
        mult_add_pipeline:core/mux#1                                                                                                        mgc_mux_26_1_2                                                                                                   1.3121  9.9784  
        mult_add_pipeline:core/mux#1.itm                                                                                                                                                                                                                     0.0000  9.9784  
        mult_add_pipeline:core/reg(result:rsci.idat(29:4))                                                                                  mgc_reg_pos_26_0_0_1_1_1_1                                                                                       0.0000  9.9784  
                                                                                                                                                                                                                                                                             
      9                                                                                                                                     mult_add_pipeline:core:a:rsci:a:wait_dp/reg(a:rsci.bcwt)      mult_add_pipeline:core/reg(result:rsci.idat(29:4)) 9.9784  90.0216 
                                                                                                                                                                                                                                                                             
        Instance                                                                                                                            Component                                                                                                        Delta   Delay   
        --------                                                                                                                            ---------                                                                                                        -----   -----   
        mult_add_pipeline:core:a:rsci:a:wait_dp/reg(a:rsci.bcwt)                                                                            mgc_reg_pos_1_0_0_1_1_0_0                                                                                        0.3001  0.3001  
        mult_add_pipeline:core:a:rsci:a:wait_dp/a:rsci.bcwt                                                                                                                                                                                                  0.0000  0.3001  
        mult_add_pipeline:core:a:rsci:a:wait_dp/product:mux#2                                                                               mgc_mux_11_1_2                                                                                                   1.3121  1.6122  
        mult_add_pipeline:core:a:rsci:a:wait_dp/a:rsci.idat.mxwt                                                                                                                                                                                             0.0000  1.6122  
        mult_add_pipeline:core:a:rsci/a:rsci.idat.mxwt                                                                                                                                                                                                       0.0000  1.6122  
        mult_add_pipeline:core/a:rsci.idat.mxwt                                                                                                                                                                                                              0.0000  1.6122  
        mult_add_pipeline:core/product:mul                                                                                                  mgc_mul_11_0_14_0_25                                                                                             4.6000  6.2122  
        mult_add_pipeline:core/product:mul.itm                                                                                                                                                                                                               0.0000  6.2122  
        mult_add_pipeline:core/sum:acc                                                                                                      mgc_addc_25_0_25_0_26                                                                                            2.4541  8.6663  
        mult_add_pipeline:core/sum.sva#1                                                                                                                                                                                                                     0.0000  8.6663  
        mult_add_pipeline:core/mux#1                                                                                                        mgc_mux_26_1_2                                                                                                   1.3121  9.9784  
        mult_add_pipeline:core/mux#1.itm                                                                                                                                                                                                                     0.0000  9.9784  
        mult_add_pipeline:core/reg(result:rsci.idat(29:4))                                                                                  mgc_reg_pos_26_0_0_1_1_1_1                                                                                       0.0000  9.9784  
                                                                                                                                                                                                                                                                             
      10                                                                                                                                    mult_add_pipeline:core:b:rsci:b:wait_dp/reg(b:rsci.bcwt)      mult_add_pipeline:core/reg(result:rsci.idat(29:4)) 9.9784  90.0216 
                                                                                                                                                                                                                                                                             
        Instance                                                                                                                            Component                                                                                                        Delta   Delay   
        --------                                                                                                                            ---------                                                                                                        -----   -----   
        mult_add_pipeline:core:b:rsci:b:wait_dp/reg(b:rsci.bcwt)                                                                            mgc_reg_pos_1_0_0_1_1_0_0                                                                                        0.3001  0.3001  
        mult_add_pipeline:core:b:rsci:b:wait_dp/b:rsci.bcwt                                                                                                                                                                                                  0.0000  0.3001  
        mult_add_pipeline:core:b:rsci:b:wait_dp/product:mux#5                                                                               mgc_mux_14_1_2                                                                                                   1.3121  1.6122  
        mult_add_pipeline:core:b:rsci:b:wait_dp/b:rsci.idat.mxwt                                                                                                                                                                                             0.0000  1.6122  
        mult_add_pipeline:core:b:rsci/b:rsci.idat.mxwt                                                                                                                                                                                                       0.0000  1.6122  
        mult_add_pipeline:core/b:rsci.idat.mxwt                                                                                                                                                                                                              0.0000  1.6122  
        mult_add_pipeline:core/product:mul                                                                                                  mgc_mul_11_0_14_0_25                                                                                             4.6000  6.2122  
        mult_add_pipeline:core/product:mul.itm                                                                                                                                                                                                               0.0000  6.2122  
        mult_add_pipeline:core/sum:acc                                                                                                      mgc_addc_25_0_25_0_26                                                                                            2.4541  8.6663  
        mult_add_pipeline:core/sum.sva#1                                                                                                                                                                                                                     0.0000  8.6663  
        mult_add_pipeline:core/mux#1                                                                                                        mgc_mux_26_1_2                                                                                                   1.3121  9.9784  
        mult_add_pipeline:core/mux#1.itm                                                                                                                                                                                                                     0.0000  9.9784  
        mult_add_pipeline:core/reg(result:rsci.idat(29:4))                                                                                  mgc_reg_pos_26_0_0_1_1_1_1                                                                                       0.0000  9.9784  
                                                                                                                                                                                                                                                                             
      
    Register Input and Register-to-Output Slack
      Clock period or pin-to-reg delay constraint (clk): 100.0
      Clock uncertainty constraint (clk)               : 0.0
      
      Instance                                                                Port                         Slack (Delay) Messages 
      ----------------------------------------------------------------------- ------------------------- -------- ------- --------
      mult_add_pipeline:core/reg(result:rsci.idat(29:4))                      mux#1.itm                  85.4216 14.5784          
      mult_add_pipeline:core/reg(gain_adjust:rsc.triosy:obj.iswt0)            slc(fsm_output)(1).itm    100.0000  0.0000          
      mult_add_pipeline:core/reg(c:rsci.iswt0)                                1#5                       100.0000  0.0000          
      mult_add_pipeline:core:a:rsci:a:wait_dp/reg(a:rsci.bcwt)                product:nor.itm            92.0482  7.9518          
      mult_add_pipeline:core:a:rsci:a:wait_dp/reg(a:rsci.idat.bfwt)           a:rsci.idat                98.6879  1.3121          
      mult_add_pipeline:core:b:rsci:b:wait_dp/reg(b:rsci.bcwt)                product:nor#2.itm          92.0482  7.9518          
      mult_add_pipeline:core:b:rsci:b:wait_dp/reg(b:rsci.idat.bfwt)           b:rsci.idat                98.6879  1.3121          
      mult_add_pipeline:core:c:rsci:c:wait_dp/reg(c:rsci.bcwt)                sum:nor.itm                92.0482  7.9518          
      mult_add_pipeline:core:c:rsci:c:wait_dp/reg(c:rsci.idat.bfwt)           c:rsci.idat                98.6879  1.3121          
      mult_add_pipeline:core:result:rsci:result:wait_dp/reg(result:rsci.bcwt) nor.itm                    92.0482  7.9518          
      mult_add_pipeline:core:staller/reg(core.wten)                           not#3.itm                  94.5951  5.4049          
      mult_add_pipeline                                                       a:rsc.rdy                  98.4209  1.5791          
      mult_add_pipeline                                                       b:rsc.rdy                  98.4209  1.5791          
      mult_add_pipeline                                                       c:rsc.rdy                  98.4209  1.5791          
      mult_add_pipeline                                                       gain:rsc.triosy.lz         98.4209  1.5791          
      mult_add_pipeline                                                       gain_adjust:rsc.triosy.lz  98.4209  1.5791          
      mult_add_pipeline                                                       result:rsc.dat             98.4209  1.5791          
      mult_add_pipeline                                                       result:rsc.vld             98.4209  1.5791          
      
  Operator Bitwidth Summary
    Operation  Size (bits) Count 
    ---------- ----------- -----
    add                          
    -                   26     1 
    and                          
    -                    1    18 
    mul                          
    -                   34     1 
    -                   25     1 
    mux                          
    -                   26     1 
    -                   25     1 
    -                   14     1 
    -                   11     1 
    nor                          
    -                    1     8 
    not                          
    -                    1    12 
    or                           
    -                    1     5 
    read_port                    
    -                   25     1 
    -                   14     1 
    -                   11     1 
    -                   10     1 
    -                    1     1 
    read_sync                    
    -                    0     2 
    reg                          
    -                   26     1 
    -                   25     1 
    -                   14     1 
    -                   11     1 
    -                    1     7 
    write_port                   
    -                    0     1 
    
  End of Report
